Archive member included to satisfy reference by file (symbol)

/usr/local/Cellar/arm-none-eabi-gcc/8-2018-q4-major/gcc/bin/../lib/gcc/arm-none-eabi/8.2.1/../../../../arm-none-eabi/lib/thumb/v7-m/nofp/libg_nano.a(lib_a-errno.o)
                              CMakeFiles/template.elf.dir/Src/syscalls.c.obj (__errno)
/usr/local/Cellar/arm-none-eabi-gcc/8-2018-q4-major/gcc/bin/../lib/gcc/arm-none-eabi/8.2.1/../../../../arm-none-eabi/lib/thumb/v7-m/nofp/libg_nano.a(lib_a-exit.o)
                              /usr/local/Cellar/arm-none-eabi-gcc/8-2018-q4-major/gcc/bin/../lib/gcc/arm-none-eabi/8.2.1/../../../../arm-none-eabi/lib/thumb/v7-m/nofp/crt0.o (exit)
/usr/local/Cellar/arm-none-eabi-gcc/8-2018-q4-major/gcc/bin/../lib/gcc/arm-none-eabi/8.2.1/../../../../arm-none-eabi/lib/thumb/v7-m/nofp/libg_nano.a(lib_a-impure.o)
                              /usr/local/Cellar/arm-none-eabi-gcc/8-2018-q4-major/gcc/bin/../lib/gcc/arm-none-eabi/8.2.1/../../../../arm-none-eabi/lib/thumb/v7-m/nofp/libg_nano.a(lib_a-exit.o) (_global_impure_ptr)
/usr/local/Cellar/arm-none-eabi-gcc/8-2018-q4-major/gcc/bin/../lib/gcc/arm-none-eabi/8.2.1/../../../../arm-none-eabi/lib/thumb/v7-m/nofp/libg_nano.a(lib_a-init.o)
                              /usr/local/Cellar/arm-none-eabi-gcc/8-2018-q4-major/gcc/bin/../lib/gcc/arm-none-eabi/8.2.1/../../../../arm-none-eabi/lib/thumb/v7-m/nofp/crt0.o (__libc_init_array)
/usr/local/Cellar/arm-none-eabi-gcc/8-2018-q4-major/gcc/bin/../lib/gcc/arm-none-eabi/8.2.1/../../../../arm-none-eabi/lib/thumb/v7-m/nofp/libg_nano.a(lib_a-memset.o)
                              /usr/local/Cellar/arm-none-eabi-gcc/8-2018-q4-major/gcc/bin/../lib/gcc/arm-none-eabi/8.2.1/../../../../arm-none-eabi/lib/thumb/v7-m/nofp/crt0.o (memset)
/usr/local/Cellar/arm-none-eabi-gcc/8-2018-q4-major/gcc/bin/../lib/gcc/arm-none-eabi/8.2.1/../../../../arm-none-eabi/lib/thumb/v7-m/nofp/libg_nano.a(lib_a-strlen.o)
                              CMakeFiles/template.elf.dir/User/Src/uart.c.obj (strlen)

Discarded input sections

 .text          0x0000000000000000        0x0 /usr/local/Cellar/arm-none-eabi-gcc/8-2018-q4-major/gcc/bin/../lib/gcc/arm-none-eabi/8.2.1/thumb/v7-m/nofp/crti.o
 .data          0x0000000000000000        0x0 /usr/local/Cellar/arm-none-eabi-gcc/8-2018-q4-major/gcc/bin/../lib/gcc/arm-none-eabi/8.2.1/thumb/v7-m/nofp/crti.o
 .bss           0x0000000000000000        0x0 /usr/local/Cellar/arm-none-eabi-gcc/8-2018-q4-major/gcc/bin/../lib/gcc/arm-none-eabi/8.2.1/thumb/v7-m/nofp/crti.o
 .data          0x0000000000000000        0x4 /usr/local/Cellar/arm-none-eabi-gcc/8-2018-q4-major/gcc/bin/../lib/gcc/arm-none-eabi/8.2.1/thumb/v7-m/nofp/crtbegin.o
 .text          0x0000000000000000       0x74 /usr/local/Cellar/arm-none-eabi-gcc/8-2018-q4-major/gcc/bin/../lib/gcc/arm-none-eabi/8.2.1/../../../../arm-none-eabi/lib/thumb/v7-m/nofp/crt0.o
 .data          0x0000000000000000        0x0 /usr/local/Cellar/arm-none-eabi-gcc/8-2018-q4-major/gcc/bin/../lib/gcc/arm-none-eabi/8.2.1/../../../../arm-none-eabi/lib/thumb/v7-m/nofp/crt0.o
 .bss           0x0000000000000000        0x0 /usr/local/Cellar/arm-none-eabi-gcc/8-2018-q4-major/gcc/bin/../lib/gcc/arm-none-eabi/8.2.1/../../../../arm-none-eabi/lib/thumb/v7-m/nofp/crt0.o
 .ARM.extab     0x0000000000000000        0x0 /usr/local/Cellar/arm-none-eabi-gcc/8-2018-q4-major/gcc/bin/../lib/gcc/arm-none-eabi/8.2.1/../../../../arm-none-eabi/lib/thumb/v7-m/nofp/crt0.o
 .ARM.exidx     0x0000000000000000        0x8 /usr/local/Cellar/arm-none-eabi-gcc/8-2018-q4-major/gcc/bin/../lib/gcc/arm-none-eabi/8.2.1/../../../../arm-none-eabi/lib/thumb/v7-m/nofp/crt0.o
 .ARM.attributes
                0x0000000000000000       0x1b /usr/local/Cellar/arm-none-eabi-gcc/8-2018-q4-major/gcc/bin/../lib/gcc/arm-none-eabi/8.2.1/../../../../arm-none-eabi/lib/thumb/v7-m/nofp/crt0.o
 .text          0x0000000000000000        0x0 CMakeFiles/template.elf.dir/Drivers/STM32F1xx_HAL_Driver/Src/stm32f1xx_hal.c.obj
 .data          0x0000000000000000        0x0 CMakeFiles/template.elf.dir/Drivers/STM32F1xx_HAL_Driver/Src/stm32f1xx_hal.c.obj
 .bss           0x0000000000000000        0x0 CMakeFiles/template.elf.dir/Drivers/STM32F1xx_HAL_Driver/Src/stm32f1xx_hal.c.obj
 .text.HAL_DeInit
                0x0000000000000000       0x30 CMakeFiles/template.elf.dir/Drivers/STM32F1xx_HAL_Driver/Src/stm32f1xx_hal.c.obj
 .text.HAL_MspInit
                0x0000000000000000        0xc CMakeFiles/template.elf.dir/Drivers/STM32F1xx_HAL_Driver/Src/stm32f1xx_hal.c.obj
 .text.HAL_MspDeInit
                0x0000000000000000        0xc CMakeFiles/template.elf.dir/Drivers/STM32F1xx_HAL_Driver/Src/stm32f1xx_hal.c.obj
 .text.HAL_GetTickPrio
                0x0000000000000000       0x14 CMakeFiles/template.elf.dir/Drivers/STM32F1xx_HAL_Driver/Src/stm32f1xx_hal.c.obj
 .text.HAL_SetTickFreq
                0x0000000000000000       0x44 CMakeFiles/template.elf.dir/Drivers/STM32F1xx_HAL_Driver/Src/stm32f1xx_hal.c.obj
 .text.HAL_GetTickFreq
[...]
Memory Configuration

Name             Origin             Length             Attributes
RAM              0x0000000020000000 0x0000000000010000 xrw
FLASH            0x0000000008000000 0x0000000000080000 xr
*default*        0x0000000000000000 0xffffffffffffffff

Linker script and memory map

LOAD /usr/local/Cellar/arm-none-eabi-gcc/8-2018-q4-major/gcc/bin/../lib/gcc/arm-none-eabi/8.2.1/thumb/v7-m/nofp/crti.o
LOAD /usr/local/Cellar/arm-none-eabi-gcc/8-2018-q4-major/gcc/bin/../lib/gcc/arm-none-eabi/8.2.1/thumb/v7-m/nofp/crtbegin.o
LOAD /usr/local/Cellar/arm-none-eabi-gcc/8-2018-q4-major/gcc/bin/../lib/gcc/arm-none-eabi/8.2.1/../../../../arm-none-eabi/lib/thumb/v7-m/nofp/crt0.o
LOAD CMakeFiles/template.elf.dir/Drivers/STM32F1xx_HAL_Driver/Src/stm32f1xx_hal.c.obj
LOAD CMakeFiles/template.elf.dir/Drivers/STM32F1xx_HAL_Driver/Src/stm32f1xx_hal_cortex.c.obj
LOAD CMakeFiles/template.elf.dir/Drivers/STM32F1xx_HAL_Driver/Src/stm32f1xx_hal_dma.c.obj
LOAD CMakeFiles/template.elf.dir/Drivers/STM32F1xx_HAL_Driver/Src/stm32f1xx_hal_exti.c.obj
LOAD CMakeFiles/template.elf.dir/Drivers/STM32F1xx_HAL_Driver/Src/stm32f1xx_hal_flash.c.obj
LOAD CMakeFiles/template.elf.dir/Drivers/STM32F1xx_HAL_Driver/Src/stm32f1xx_hal_flash_ex.c.obj
LOAD CMakeFiles/template.elf.dir/Drivers/STM32F1xx_HAL_Driver/Src/stm32f1xx_hal_gpio.c.obj
LOAD CMakeFiles/template.elf.dir/Drivers/STM32F1xx_HAL_Driver/Src/stm32f1xx_hal_gpio_ex.c.obj
LOAD CMakeFiles/template.elf.dir/Drivers/STM32F1xx_HAL_Driver/Src/stm32f1xx_hal_pwr.c.obj
LOAD CMakeFiles/template.elf.dir/Drivers/STM32F1xx_HAL_Driver/Src/stm32f1xx_hal_rcc.c.obj
LOAD CMakeFiles/template.elf.dir/Drivers/STM32F1xx_HAL_Driver/Src/stm32f1xx_hal_rcc_ex.c.obj
LOAD CMakeFiles/template.elf.dir/Drivers/STM32F1xx_HAL_Driver/Src/stm32f1xx_hal_tim.c.obj
LOAD CMakeFiles/template.elf.dir/Drivers/STM32F1xx_HAL_Driver/Src/stm32f1xx_hal_tim_ex.c.obj
LOAD CMakeFiles/template.elf.dir/Drivers/STM32F1xx_HAL_Driver/Src/stm32f1xx_hal_uart.c.obj
LOAD CMakeFiles/template.elf.dir/Src/main.c.obj
LOAD CMakeFiles/template.elf.dir/Src/stm32f1xx_hal_msp.c.obj
LOAD CMakeFiles/template.elf.dir/Src/stm32f1xx_it.c.obj
LOAD CMakeFiles/template.elf.dir/Src/syscalls.c.obj
LOAD CMakeFiles/template.elf.dir/Src/system_stm32f1xx.c.obj
LOAD CMakeFiles/template.elf.dir/User/Src/beep.c.obj
LOAD CMakeFiles/template.elf.dir/User/Src/led.c.obj
LOAD CMakeFiles/template.elf.dir/User/Src/uart.c.obj
LOAD CMakeFiles/template.elf.dir/startup/startup_stm32f103xe.s.obj
START GROUP
LOAD /usr/local/Cellar/arm-none-eabi-gcc/8-2018-q4-major/gcc/bin/../lib/gcc/arm-none-eabi/8.2.1/thumb/v7-m/nofp/libgcc.a
LOAD /usr/local/Cellar/arm-none-eabi-gcc/8-2018-q4-major/gcc/bin/../lib/gcc/arm-none-eabi/8.2.1/../../../../arm-none-eabi/lib/thumb/v7-m/nofp/libg_nano.a
LOAD /usr/local/Cellar/arm-none-eabi-gcc/8-2018-q4-major/gcc/bin/../lib/gcc/arm-none-eabi/8.2.1/../../../../arm-none-eabi/lib/thumb/v7-m/nofp/libc_nano.a
END GROUP
START GROUP
LOAD /usr/local/Cellar/arm-none-eabi-gcc/8-2018-q4-major/gcc/bin/../lib/gcc/arm-none-eabi/8.2.1/thumb/v7-m/nofp/libgcc.a
LOAD /usr/local/Cellar/arm-none-eabi-gcc/8-2018-q4-major/gcc/bin/../lib/gcc/arm-none-eabi/8.2.1/../../../../arm-none-eabi/lib/thumb/v7-m/nofp/libc_nano.a
LOAD /usr/local/Cellar/arm-none-eabi-gcc/8-2018-q4-major/gcc/bin/../lib/gcc/arm-none-eabi/8.2.1/../../../../arm-none-eabi/lib/thumb/v7-m/nofp/libnosys.a
END GROUP
START GROUP
LOAD /usr/local/Cellar/arm-none-eabi-gcc/8-2018-q4-major/gcc/bin/../lib/gcc/arm-none-eabi/8.2.1/thumb/v7-m/nofp/libgcc.a
LOAD /usr/local/Cellar/arm-none-eabi-gcc/8-2018-q4-major/gcc/bin/../lib/gcc/arm-none-eabi/8.2.1/../../../../arm-none-eabi/lib/thumb/v7-m/nofp/libc_nano.a
LOAD /usr/local/Cellar/arm-none-eabi-gcc/8-2018-q4-major/gcc/bin/../lib/gcc/arm-none-eabi/8.2.1/../../../../arm-none-eabi/lib/thumb/v7-m/nofp/libnosys.a
END GROUP
LOAD /usr/local/Cellar/arm-none-eabi-gcc/8-2018-q4-major/gcc/bin/../lib/gcc/arm-none-eabi/8.2.1/thumb/v7-m/nofp/crtend.o
LOAD /usr/local/Cellar/arm-none-eabi-gcc/8-2018-q4-major/gcc/bin/../lib/gcc/arm-none-eabi/8.2.1/thumb/v7-m/nofp/crtn.o
                0x0000000020010000                _estack = 0x20010000
                0x0000000000000200                _Min_Heap_Size = 0x200
                0x0000000000000400                _Min_Stack_Size = 0x400

.isr_vector     0x0000000008000000      0x1e4
                0x0000000008000000                . = ALIGN (0x4)
 *(.isr_vector)
 .isr_vector    0x0000000008000000      0x1e4 CMakeFiles/template.elf.dir/startup/startup_stm32f103xe.s.obj
                0x0000000008000000                g_pfnVectors
                0x00000000080001e4                . = ALIGN (0x4)

.text           0x00000000080001e4     0x1e1c
                0x00000000080001e4                . = ALIGN (0x4)
 *(.text)
 .text          0x00000000080001e4       0x40 /usr/local/Cellar/arm-none-eabi-gcc/8-2018-q4-major/gcc/bin/../lib/gcc/arm-none-eabi/8.2.1/thumb/v7-m/nofp/crtbegin.o
 .text          0x0000000008000224       0x10 /usr/local/Cellar/arm-none-eabi-gcc/8-2018-q4-major/gcc/bin/../lib/gcc/arm-none-eabi/8.2.1/../../../../arm-none-eabi/lib/thumb/v7-m/nofp/libg_nano.a(lib_a-strlen.o)
                0x0000000008000224                strlen
 *(.text*)
 .text.HAL_Init
                0x0000000008000234       0x2c CMakeFiles/template.elf.dir/Drivers/STM32F1xx_HAL_Driver/Src/stm32f1xx_hal.c.obj
                0x0000000008000234                HAL_Init
 .text.HAL_InitTick
                0x0000000008000260       0x60 CMakeFiles/template.elf.dir/Drivers/STM32F1xx_HAL_Driver/Src/stm32f1xx_hal.c.obj
                0x0000000008000260                HAL_InitTick
 .text.HAL_IncTick
                0x00000000080002c0       0x24 CMakeFiles/template.elf.dir/Drivers/STM32F1xx_HAL_Driver/Src/stm32f1xx_hal.c.obj
                0x00000000080002c0                HAL_IncTick
 .text.HAL_GetTick
                0x00000000080002e4       0x14 CMakeFiles/template.elf.dir/Drivers/STM32F1xx_HAL_Driver/Src/stm32f1xx_hal.c.obj
                0x00000000080002e4                HAL_GetTick
 .text.__NVIC_SetPriorityGrouping
                0x00000000080002f8       0x48 CMakeFiles/template.elf.dir/Drivers/STM32F1xx_HAL_Driver/Src/stm32f1xx_hal_cortex.c.obj
 .text.__NVIC_GetPriorityGrouping
                0x0000000008000340       0x1c CMakeFiles/template.elf.dir/Drivers/STM32F1xx_HAL_Driver/Src/stm32f1xx_hal_cortex.c.obj
 .text.__NVIC_EnableIRQ
                0x000000000800035c       0x38 CMakeFiles/template.elf.dir/Drivers/STM32F1xx_HAL_Driver/Src/stm32f1xx_hal_cortex.c.obj
 .text.__NVIC_SetPriority
                0x0000000008000394       0x54 CMakeFiles/template.elf.dir/Drivers/STM32F1xx_HAL_Driver/Src/stm32f1xx_hal_cortex.c.obj
 .text.NVIC_EncodePriority
                0x00000000080003e8       0x64 CMakeFiles/template.elf.dir/Drivers/STM32F1xx_HAL_Driver/Src/stm32f1xx_hal_cortex.c.obj
 .text.SysTick_Config
                0x000000000800044c       0x44 CMakeFiles/template.elf.dir/Drivers/STM32F1xx_HAL_Driver/Src/stm32f1xx_hal_cortex.c.obj
 .text.HAL_NVIC_SetPriorityGrouping
                0x0000000008000490       0x16 CMakeFiles/template.elf.dir/Drivers/STM32F1xx_HAL_Driver/Src/stm32f1xx_hal_cortex.c.obj
                0x0000000008000490                HAL_NVIC_SetPriorityGrouping
 .text.HAL_NVIC_SetPriority
                0x00000000080004a6       0x38 CMakeFiles/template.elf.dir/Drivers/STM32F1xx_HAL_Driver/Src/stm32f1xx_hal_cortex.c.obj
                0x00000000080004a6                HAL_NVIC_SetPriority
 .text.HAL_NVIC_EnableIRQ
                0x00000000080004de       0x1c CMakeFiles/template.elf.dir/Drivers/STM32F1xx_HAL_Driver/Src/stm32f1xx_hal_cortex.c.obj
                0x00000000080004de                HAL_NVIC_EnableIRQ
 .text.HAL_SYSTICK_Config
                0x00000000080004fa       0x18 CMakeFiles/template.elf.dir/Drivers/STM32F1xx_HAL_Driver/Src/stm32f1xx_hal_cortex.c.obj
                0x00000000080004fa                HAL_SYSTICK_Config
 *fill*         0x0000000008000512        0x2 
 .text.HAL_DMA_Abort_IT
                0x0000000008000514      0x210 CMakeFiles/template.elf.dir/Drivers/STM32F1xx_HAL_Driver/Src/stm32f1xx_hal_dma.c.obj
                0x0000000008000514                HAL_DMA_Abort_IT
 .text.HAL_GPIO_Init
                0x0000000008000724      0x2d4 CMakeFiles/template.elf.dir/Drivers/STM32F1xx_HAL_Driver/Src/stm32f1xx_hal_gpio.c.obj
                0x0000000008000724                HAL_GPIO_Init
 .text.HAL_GPIO_WritePin
                0x00000000080009f8       0x30 CMakeFiles/template.elf.dir/Drivers/STM32F1xx_HAL_Driver/Src/stm32f1xx_hal_gpio.c.obj
                0x00000000080009f8                HAL_GPIO_WritePin
 .text.HAL_RCC_OscConfig
                0x0000000008000a28      0x500 CMakeFiles/template.elf.dir/Drivers/STM32F1xx_HAL_Driver/Src/stm32f1xx_hal_rcc.c.obj
                0x0000000008000a28                HAL_RCC_OscConfig
 .text.HAL_RCC_ClockConfig
                0x0000000008000f28      0x1d4 CMakeFiles/template.elf.dir/Drivers/STM32F1xx_HAL_Driver/Src/stm32f1xx_hal_rcc.c.obj
                0x0000000008000f28                HAL_RCC_ClockConfig
 .text.HAL_RCC_GetSysClockFreq
                0x00000000080010fc       0xc4 CMakeFiles/template.elf.dir/Drivers/STM32F1xx_HAL_Driver/Src/stm32f1xx_hal_rcc.c.obj
                0x00000000080010fc                HAL_RCC_GetSysClockFreq
 .text.HAL_RCC_GetHCLKFreq
                0x00000000080011c0       0x14 CMakeFiles/template.elf.dir/Drivers/STM32F1xx_HAL_Driver/Src/stm32f1xx_hal_rcc.c.obj
                0x00000000080011c0                HAL_RCC_GetHCLKFreq
 .text.HAL_RCC_GetPCLK1Freq
                0x00000000080011d4       0x28 CMakeFiles/template.elf.dir/Drivers/STM32F1xx_HAL_Driver/Src/stm32f1xx_hal_rcc.c.obj
                0x00000000080011d4                HAL_RCC_GetPCLK1Freq
 .text.HAL_RCC_GetPCLK2Freq
                0x00000000080011fc       0x28 CMakeFiles/template.elf.dir/Drivers/STM32F1xx_HAL_Driver/Src/stm32f1xx_hal_rcc.c.obj
                0x00000000080011fc                HAL_RCC_GetPCLK2Freq
 .text.RCC_Delay
                0x0000000008001224       0x3c CMakeFiles/template.elf.dir/Drivers/STM32F1xx_HAL_Driver/Src/stm32f1xx_hal_rcc.c.obj
 .text.HAL_UART_Init
                0x0000000008001260       0x9a CMakeFiles/template.elf.dir/Drivers/STM32F1xx_HAL_Driver/Src/stm32f1xx_hal_uart.c.obj
                0x0000000008001260                HAL_UART_Init
 .text.HAL_UART_Transmit
                0x00000000080012fa      0x132 CMakeFiles/template.elf.dir/Drivers/STM32F1xx_HAL_Driver/Src/stm32f1xx_hal_uart.c.obj
                0x00000000080012fa                HAL_UART_Transmit
 .text.HAL_UART_IRQHandler
                0x000000000800142c      0x1f8 CMakeFiles/template.elf.dir/Drivers/STM32F1xx_HAL_Driver/Src/stm32f1xx_hal_uart.c.obj
                0x000000000800142c                HAL_UART_IRQHandler
 .text.HAL_UART_TxCpltCallback
                0x0000000008001624       0x12 CMakeFiles/template.elf.dir/Drivers/STM32F1xx_HAL_Driver/Src/stm32f1xx_hal_uart.c.obj
                0x0000000008001624                HAL_UART_TxCpltCallback
 .text.HAL_UART_RxCpltCallback
                0x0000000008001636       0x12 CMakeFiles/template.elf.dir/Drivers/STM32F1xx_HAL_Driver/Src/stm32f1xx_hal_uart.c.obj
                0x0000000008001636                HAL_UART_RxCpltCallback
 .text.HAL_UART_ErrorCallback
                0x0000000008001648       0x12 CMakeFiles/template.elf.dir/Drivers/STM32F1xx_HAL_Driver/Src/stm32f1xx_hal_uart.c.obj
                0x0000000008001648                HAL_UART_ErrorCallback
 .text.UART_WaitOnFlagUntilTimeout
                0x000000000800165a       0x94 CMakeFiles/template.elf.dir/Drivers/STM32F1xx_HAL_Driver/Src/stm32f1xx_hal_uart.c.obj
 .text.UART_EndRxTransfer
                0x00000000080016ee       0x3a CMakeFiles/template.elf.dir/Drivers/STM32F1xx_HAL_Driver/Src/stm32f1xx_hal_uart.c.obj
 .text.UART_DMAAbortOnError
                0x0000000008001728       0x28 CMakeFiles/template.elf.dir/Drivers/STM32F1xx_HAL_Driver/Src/stm32f1xx_hal_uart.c.obj
 .text.UART_Transmit_IT
                0x0000000008001750       0xaa CMakeFiles/template.elf.dir/Drivers/STM32F1xx_HAL_Driver/Src/stm32f1xx_hal_uart.c.obj
 .text.UART_EndTransmit_IT
                0x00000000080017fa       0x30 CMakeFiles/template.elf.dir/Drivers/STM32F1xx_HAL_Driver/Src/stm32f1xx_hal_uart.c.obj
 .text.UART_Receive_IT
                0x000000000800182a      0x102 CMakeFiles/template.elf.dir/Drivers/STM32F1xx_HAL_Driver/Src/stm32f1xx_hal_uart.c.obj
 .text.UART_SetConfig
                0x000000000800192c      0x1b4 CMakeFiles/template.elf.dir/Drivers/STM32F1xx_HAL_Driver/Src/stm32f1xx_hal_uart.c.obj
 .text.main     0x0000000008001ae0       0x28 CMakeFiles/template.elf.dir/Src/main.c.obj
                0x0000000008001ae0                main
 .text.SystemClock_Config
                0x0000000008001b08       0x8a CMakeFiles/template.elf.dir/Src/main.c.obj
                0x0000000008001b08                SystemClock_Config
 *fill*         0x0000000008001b92        0x2 
 .text.MX_USART1_UART_Init
                0x0000000008001b94       0x54 CMakeFiles/template.elf.dir/Src/main.c.obj
 .text.MX_GPIO_Init
                0x0000000008001be8      0x100 CMakeFiles/template.elf.dir/Src/main.c.obj
 .text.Error_Handler
                0x0000000008001ce8       0x18 CMakeFiles/template.elf.dir/Src/main.c.obj
                0x0000000008001ce8                Error_Handler
 .text.HAL_MspInit
                0x0000000008001d00       0x64 CMakeFiles/template.elf.dir/Src/stm32f1xx_hal_msp.c.obj
                0x0000000008001d00                HAL_MspInit
 .text.HAL_UART_MspInit
                0x0000000008001d64       0xa8 CMakeFiles/template.elf.dir/Src/stm32f1xx_hal_msp.c.obj
                0x0000000008001d64                HAL_UART_MspInit
 .text.NMI_Handler
                0x0000000008001e0c        0xc CMakeFiles/template.elf.dir/Src/stm32f1xx_it.c.obj
                0x0000000008001e0c                NMI_Handler
 .text.HardFault_Handler
                0x0000000008001e18        0x6 CMakeFiles/template.elf.dir/Src/stm32f1xx_it.c.obj
                0x0000000008001e18                HardFault_Handler
 .text.MemManage_Handler
                0x0000000008001e1e        0x6 CMakeFiles/template.elf.dir/Src/stm32f1xx_it.c.obj
                0x0000000008001e1e                MemManage_Handler
 .text.BusFault_Handler
                0x0000000008001e24        0x6 CMakeFiles/template.elf.dir/Src/stm32f1xx_it.c.obj
                0x0000000008001e24                BusFault_Handler
 .text.UsageFault_Handler
                0x0000000008001e2a        0x6 CMakeFiles/template.elf.dir/Src/stm32f1xx_it.c.obj
                0x0000000008001e2a                UsageFault_Handler
 .text.SVC_Handler
                0x0000000008001e30        0xc CMakeFiles/template.elf.dir/Src/stm32f1xx_it.c.obj
                0x0000000008001e30                SVC_Handler
 .text.DebugMon_Handler
                0x0000000008001e3c        0xc CMakeFiles/template.elf.dir/Src/stm32f1xx_it.c.obj
                0x0000000008001e3c                DebugMon_Handler
 .text.PendSV_Handler
                0x0000000008001e48        0xc CMakeFiles/template.elf.dir/Src/stm32f1xx_it.c.obj
                0x0000000008001e48                PendSV_Handler
 .text.SysTick_Handler
                0x0000000008001e54        0xc CMakeFiles/template.elf.dir/Src/stm32f1xx_it.c.obj
                0x0000000008001e54                SysTick_Handler
 .text.USART1_IRQHandler
                0x0000000008001e60       0x14 CMakeFiles/template.elf.dir/Src/stm32f1xx_it.c.obj
                0x0000000008001e60                USART1_IRQHandler
 .text.SystemInit
                0x0000000008001e74       0x68 CMakeFiles/template.elf.dir/Src/system_stm32f1xx.c.obj
                0x0000000008001e74                SystemInit
 .text.beep_on  0x0000000008001edc       0x20 CMakeFiles/template.elf.dir/User/Src/beep.c.obj
                0x0000000008001edc                beep_on
 .text.uartPrintln
                0x0000000008001efc       0x48 CMakeFiles/template.elf.dir/User/Src/uart.c.obj
                0x0000000008001efc                uartPrintln
 .text.Reset_Handler
                0x0000000008001f44       0x48 CMakeFiles/template.elf.dir/startup/startup_stm32f103xe.s.obj
                0x0000000008001f44                Reset_Handler
 .text.Default_Handler
                0x0000000008001f8c        0x2 CMakeFiles/template.elf.dir/startup/startup_stm32f103xe.s.obj
                0x0000000008001f8c                DMA2_Channel3_IRQHandler
                0x0000000008001f8c                EXTI2_IRQHandler
                0x0000000008001f8c                TIM8_TRG_COM_IRQHandler
                0x0000000008001f8c                TIM8_CC_IRQHandler
                0x0000000008001f8c                TIM1_CC_IRQHandler
                0x0000000008001f8c                TIM6_IRQHandler
                0x0000000008001f8c                PVD_IRQHandler
                0x0000000008001f8c                SDIO_IRQHandler
                0x0000000008001f8c                EXTI3_IRQHandler
                0x0000000008001f8c                EXTI0_IRQHandler
                0x0000000008001f8c                I2C2_EV_IRQHandler
                0x0000000008001f8c                ADC1_2_IRQHandler
                0x0000000008001f8c                SPI1_IRQHandler
                0x0000000008001f8c                TAMPER_IRQHandler
                0x0000000008001f8c                TIM8_UP_IRQHandler
                0x0000000008001f8c                DMA2_Channel2_IRQHandler
                0x0000000008001f8c                DMA1_Channel4_IRQHandler
                0x0000000008001f8c                USART3_IRQHandler
                0x0000000008001f8c                RTC_IRQHandler
                0x0000000008001f8c                DMA1_Channel7_IRQHandler
                0x0000000008001f8c                CAN1_RX1_IRQHandler
                0x0000000008001f8c                UART5_IRQHandler
                0x0000000008001f8c                ADC3_IRQHandler
                0x0000000008001f8c                TIM4_IRQHandler
                0x0000000008001f8c                DMA2_Channel1_IRQHandler
                0x0000000008001f8c                I2C1_EV_IRQHandler
                0x0000000008001f8c                DMA1_Channel6_IRQHandler
                0x0000000008001f8c                UART4_IRQHandler
                0x0000000008001f8c                TIM3_IRQHandler
                0x0000000008001f8c                RCC_IRQHandler
                0x0000000008001f8c                TIM1_TRG_COM_IRQHandler
                0x0000000008001f8c                DMA1_Channel1_IRQHandler
                0x0000000008001f8c                Default_Handler
                0x0000000008001f8c                EXTI15_10_IRQHandler
                0x0000000008001f8c                TIM7_IRQHandler
                0x0000000008001f8c                TIM5_IRQHandler
                0x0000000008001f8c                EXTI9_5_IRQHandler
                0x0000000008001f8c                SPI2_IRQHandler
                0x0000000008001f8c                DMA1_Channel5_IRQHandler
                0x0000000008001f8c                EXTI4_IRQHandler
                0x0000000008001f8c                USB_LP_CAN1_RX0_IRQHandler
                0x0000000008001f8c                USB_HP_CAN1_TX_IRQHandler
                0x0000000008001f8c                DMA1_Channel3_IRQHandler
                0x0000000008001f8c                FSMC_IRQHandler
                0x0000000008001f8c                TIM1_UP_IRQHandler
                0x0000000008001f8c                WWDG_IRQHandler
                0x0000000008001f8c                TIM2_IRQHandler
                0x0000000008001f8c                TIM1_BRK_IRQHandler
                0x0000000008001f8c                EXTI1_IRQHandler
                0x0000000008001f8c                DMA2_Channel4_5_IRQHandler
                0x0000000008001f8c                USART2_IRQHandler
                0x0000000008001f8c                I2C2_ER_IRQHandler
                0x0000000008001f8c                DMA1_Channel2_IRQHandler
                0x0000000008001f8c                TIM8_BRK_IRQHandler
                0x0000000008001f8c                CAN1_SCE_IRQHandler
                0x0000000008001f8c                FLASH_IRQHandler
                0x0000000008001f8c                SPI3_IRQHandler
                0x0000000008001f8c                I2C1_ER_IRQHandler
                0x0000000008001f8c                USBWakeUp_IRQHandler
                0x0000000008001f8c                RTC_Alarm_IRQHandler
 *fill*         0x0000000008001f8e        0x2 
 .text.__libc_init_array
                0x0000000008001f90       0x48 /usr/local/Cellar/arm-none-eabi-gcc/8-2018-q4-major/gcc/bin/../lib/gcc/arm-none-eabi/8.2.1/../../../../arm-none-eabi/lib/thumb/v7-m/nofp/libg_nano.a(lib_a-init.o)
                0x0000000008001f90                __libc_init_array
 .text.memset   0x0000000008001fd8       0x10 /usr/local/Cellar/arm-none-eabi-gcc/8-2018-q4-major/gcc/bin/../lib/gcc/arm-none-eabi/8.2.1/../../../../arm-none-eabi/lib/thumb/v7-m/nofp/libg_nano.a(lib_a-memset.o)
                0x0000000008001fd8                memset
 *(.glue_7)
 .glue_7        0x0000000008001fe8        0x0 linker stubs
 *(.glue_7t)
 .glue_7t       0x0000000008001fe8        0x0 linker stubs
 *(.eh_frame)
 .eh_frame      0x0000000008001fe8        0x0 /usr/local/Cellar/arm-none-eabi-gcc/8-2018-q4-major/gcc/bin/../lib/gcc/arm-none-eabi/8.2.1/thumb/v7-m/nofp/crtbegin.o
 *(.init)
 .init          0x0000000008001fe8        0x4 /usr/local/Cellar/arm-none-eabi-gcc/8-2018-q4-major/gcc/bin/../lib/gcc/arm-none-eabi/8.2.1/thumb/v7-m/nofp/crti.o
                0x0000000008001fe8                _init
 .init          0x0000000008001fec        0x8 /usr/local/Cellar/arm-none-eabi-gcc/8-2018-q4-major/gcc/bin/../lib/gcc/arm-none-eabi/8.2.1/thumb/v7-m/nofp/crtn.o
 *(.fini)
 .fini          0x0000000008001ff4        0x4 /usr/local/Cellar/arm-none-eabi-gcc/8-2018-q4-major/gcc/bin/../lib/gcc/arm-none-eabi/8.2.1/thumb/v7-m/nofp/crti.o
                0x0000000008001ff4                _fini
 .fini          0x0000000008001ff8        0x8 /usr/local/Cellar/arm-none-eabi-gcc/8-2018-q4-major/gcc/bin/../lib/gcc/arm-none-eabi/8.2.1/thumb/v7-m/nofp/crtn.o
                0x0000000008002000                . = ALIGN (0x4)
                0x0000000008002000                _etext = .

.vfp11_veneer   0x0000000008002000        0x0
 .vfp11_veneer  0x0000000008002000        0x0 linker stubs

.v4_bx          0x0000000008002000        0x0
 .v4_bx         0x0000000008002000        0x0 linker stubs

.iplt           0x0000000008002000        0x0
 .iplt          0x0000000008002000        0x0 /usr/local/Cellar/arm-none-eabi-gcc/8-2018-q4-major/gcc/bin/../lib/gcc/arm-none-eabi/8.2.1/thumb/v7-m/nofp/crtbegin.o

.rodata         0x0000000008002000       0x34
                0x0000000008002000                . = ALIGN (0x4)
 *(.rodata)
 .rodata        0x0000000008002000       0x12 CMakeFiles/template.elf.dir/Drivers/STM32F1xx_HAL_Driver/Src/stm32f1xx_hal_rcc.c.obj
 *fill*         0x0000000008002012        0x2 
 .rodata        0x0000000008002014        0x5 CMakeFiles/template.elf.dir/Src/main.c.obj
 *(.rodata*)
 *fill*         0x0000000008002019        0x3 
 .rodata.AHBPrescTable
                0x000000000800201c       0x10 CMakeFiles/template.elf.dir/Src/system_stm32f1xx.c.obj
                0x000000000800201c                AHBPrescTable
 .rodata.APBPrescTable
                0x000000000800202c        0x8 CMakeFiles/template.elf.dir/Src/system_stm32f1xx.c.obj
                0x000000000800202c                APBPrescTable
                0x0000000008002034                . = ALIGN (0x4)

.rel.dyn        0x0000000008002034        0x0
 .rel.iplt      0x0000000008002034        0x0 /usr/local/Cellar/arm-none-eabi-gcc/8-2018-q4-major/gcc/bin/../lib/gcc/arm-none-eabi/8.2.1/thumb/v7-m/nofp/crtbegin.o

.ARM.extab
 *(.ARM.extab* .gnu.linkonce.armextab.*)

.ARM            0x0000000008002034        0x0
                0x0000000008002034                __exidx_start = .
 *(.ARM.exidx*)
                0x0000000008002034                __exidx_end = .

.preinit_array  0x0000000008002034        0x0
                0x0000000008002034                PROVIDE (__preinit_array_start = .)
 *(.preinit_array*)
                0x0000000008002034                PROVIDE (__preinit_array_end = .)

.init_array     0x0000000008002034        0x4
                0x0000000008002034                PROVIDE (__init_array_start = .)
 *(SORT_BY_NAME(.init_array.*))
 *(.init_array*)
 .init_array    0x0000000008002034        0x4 /usr/local/Cellar/arm-none-eabi-gcc/8-2018-q4-major/gcc/bin/../lib/gcc/arm-none-eabi/8.2.1/thumb/v7-m/nofp/crtbegin.o
                0x0000000008002038                PROVIDE (__init_array_end = .)

.fini_array     0x0000000008002038        0x4
                [!provide]                        PROVIDE (__fini_array_start = .)
 *(SORT_BY_NAME(.fini_array.*))
 *(.fini_array*)
 .fini_array    0x0000000008002038        0x4 /usr/local/Cellar/arm-none-eabi-gcc/8-2018-q4-major/gcc/bin/../lib/gcc/arm-none-eabi/8.2.1/thumb/v7-m/nofp/crtbegin.o
                [!provide]                        PROVIDE (__fini_array_end = .)
                0x000000000800203c                _sidata = LOADADDR (.data)

.data           0x0000000020000000        0xc load address 0x000000000800203c
                0x0000000020000000                . = ALIGN (0x4)
                0x0000000020000000                _sdata = .
 *(.data)
 *(.data*)
 .data.uwTickPrio
                0x0000000020000000        0x4 CMakeFiles/template.elf.dir/Drivers/STM32F1xx_HAL_Driver/Src/stm32f1xx_hal.c.obj
                0x0000000020000000                uwTickPrio
 .data.uwTickFreq
                0x0000000020000004        0x1 CMakeFiles/template.elf.dir/Drivers/STM32F1xx_HAL_Driver/Src/stm32f1xx_hal.c.obj
                0x0000000020000004                uwTickFreq
 *fill*         0x0000000020000005        0x3 
 .data.SystemCoreClock
                0x0000000020000008        0x4 CMakeFiles/template.elf.dir/Src/system_stm32f1xx.c.obj
                0x0000000020000008                SystemCoreClock
                0x000000002000000c                . = ALIGN (0x4)
                0x000000002000000c                _edata = .

.igot.plt       0x000000002000000c        0x0 load address 0x0000000008002048
 .igot.plt      0x000000002000000c        0x0 /usr/local/Cellar/arm-none-eabi-gcc/8-2018-q4-major/gcc/bin/../lib/gcc/arm-none-eabi/8.2.1/thumb/v7-m/nofp/crtbegin.o
                0x000000002000000c                . = ALIGN (0x4)

.bss            0x000000002000000c       0x60 load address 0x0000000008002048
                0x000000002000000c                _sbss = .
                0x000000002000000c                __bss_start__ = _sbss
 *(.bss)
 .bss           0x000000002000000c       0x1c /usr/local/Cellar/arm-none-eabi-gcc/8-2018-q4-major/gcc/bin/../lib/gcc/arm-none-eabi/8.2.1/thumb/v7-m/nofp/crtbegin.o
 *(.bss*)
 .bss.uwTick    0x0000000020000028        0x4 CMakeFiles/template.elf.dir/Drivers/STM32F1xx_HAL_Driver/Src/stm32f1xx_hal.c.obj
                0x0000000020000028                uwTick
 .bss.huart1    0x000000002000002c       0x40 CMakeFiles/template.elf.dir/Src/main.c.obj
                0x000000002000002c                huart1
 *(COMMON)
                0x000000002000006c                . = ALIGN (0x4)
                0x000000002000006c                _ebss = .
                0x000000002000006c                __bss_end__ = _ebss

._user_heap_stack
                0x000000002000006c      0x604 load address 0x0000000008002048
                0x0000000020000070                . = ALIGN (0x8)
 *fill*         0x000000002000006c        0x4 
                0x0000000020000070                PROVIDE (end = .)
                [!provide]                        PROVIDE (_end = .)
                0x0000000020000270                . = (. + _Min_Heap_Size)
 *fill*         0x0000000020000070      0x200 
                0x0000000020000670                . = (. + _Min_Stack_Size)
 *fill*         0x0000000020000270      0x400 
                0x0000000020000670                . = ALIGN (0x8)

/DISCARD/
 libc.a(*)
 libm.a(*)
 libgcc.a(*)

.ARM.attributes
                0x0000000000000000       0x29
 *(.ARM.attributes)
 .ARM.attributes
                0x0000000000000000       0x1d /usr/local/Cellar/arm-none-eabi-gcc/8-2018-q4-major/gcc/bin/../lib/gcc/arm-none-eabi/8.2.1/thumb/v7-m/nofp/crti.o
 .ARM.attributes
                0x000000000000001d       0x2d /usr/local/Cellar/arm-none-eabi-gcc/8-2018-q4-major/gcc/bin/../lib/gcc/arm-none-eabi/8.2.1/thumb/v7-m/nofp/crtbegin.o
 .ARM.attributes
                0x000000000000004a       0x2d CMakeFiles/template.elf.dir/Drivers/STM32F1xx_HAL_Driver/Src/stm32f1xx_hal.c.obj
 .ARM.attributes
                0x0000000000000077       0x2d CMakeFiles/template.elf.dir/Drivers/STM32F1xx_HAL_Driver/Src/stm32f1xx_hal_cortex.c.obj
 .ARM.attributes
                0x00000000000000a4       0x2d CMakeFiles/template.elf.dir/Drivers/STM32F1xx_HAL_Driver/Src/stm32f1xx_hal_dma.c.obj
 .ARM.attributes
                0x00000000000000d1       0x2d CMakeFiles/template.elf.dir/Drivers/STM32F1xx_HAL_Driver/Src/stm32f1xx_hal_gpio.c.obj
 .ARM.attributes
                0x00000000000000fe       0x2d CMakeFiles/template.elf.dir/Drivers/STM32F1xx_HAL_Driver/Src/stm32f1xx_hal_rcc.c.obj
 .ARM.attributes
                0x000000000000012b       0x2d CMakeFiles/template.elf.dir/Drivers/STM32F1xx_HAL_Driver/Src/stm32f1xx_hal_uart.c.obj
 .ARM.attributes
                0x0000000000000158       0x2d CMakeFiles/template.elf.dir/Src/main.c.obj
 .ARM.attributes
                0x0000000000000185       0x2d CMakeFiles/template.elf.dir/Src/stm32f1xx_hal_msp.c.obj
 .ARM.attributes
                0x00000000000001b2       0x2d CMakeFiles/template.elf.dir/Src/stm32f1xx_it.c.obj
 .ARM.attributes
                0x00000000000001df       0x2d CMakeFiles/template.elf.dir/Src/system_stm32f1xx.c.obj
 .ARM.attributes
                0x000000000000020c       0x2d CMakeFiles/template.elf.dir/User/Src/beep.c.obj
 .ARM.attributes
                0x0000000000000239       0x2d CMakeFiles/template.elf.dir/User/Src/uart.c.obj
 .ARM.attributes
                0x0000000000000266       0x21 CMakeFiles/template.elf.dir/startup/startup_stm32f103xe.s.obj
 .ARM.attributes
                0x0000000000000287       0x2d /usr/local/Cellar/arm-none-eabi-gcc/8-2018-q4-major/gcc/bin/../lib/gcc/arm-none-eabi/8.2.1/../../../../arm-none-eabi/lib/thumb/v7-m/nofp/libg_nano.a(lib_a-init.o)
 .ARM.attributes
                0x00000000000002b4       0x2d /usr/local/Cellar/arm-none-eabi-gcc/8-2018-q4-major/gcc/bin/../lib/gcc/arm-none-eabi/8.2.1/../../../../arm-none-eabi/lib/thumb/v7-m/nofp/libg_nano.a(lib_a-memset.o)
 .ARM.attributes
                0x00000000000002e1       0x17 /usr/local/Cellar/arm-none-eabi-gcc/8-2018-q4-major/gcc/bin/../lib/gcc/arm-none-eabi/8.2.1/../../../../arm-none-eabi/lib/thumb/v7-m/nofp/libg_nano.a(lib_a-strlen.o)
 .ARM.attributes
                0x00000000000002f8       0x1d /usr/local/Cellar/arm-none-eabi-gcc/8-2018-q4-major/gcc/bin/../lib/gcc/arm-none-eabi/8.2.1/thumb/v7-m/nofp/crtn.o
OUTPUT(template.elf elf32-littlearm)

.debug_info     0x0000000000000000     0x6f21
 .debug_info    0x0000000000000000      0x7ad CMakeFiles/template.elf.dir/Drivers/STM32F1xx_HAL_Driver/Src/stm32f1xx_hal.c.obj
 .debug_info    0x00000000000007ad      0xc2b CMakeFiles/template.elf.dir/Drivers/STM32F1xx_HAL_Driver/Src/stm32f1xx_hal_cortex.c.obj
 .debug_info    0x00000000000013d8      0x807 CMakeFiles/template.elf.dir/Drivers/STM32F1xx_HAL_Driver/Src/stm32f1xx_hal_dma.c.obj
 .debug_info    0x0000000000001bdf      0x6da CMakeFiles/template.elf.dir/Drivers/STM32F1xx_HAL_Driver/Src/stm32f1xx_hal_gpio.c.obj
 .debug_info    0x00000000000022b9      0x877 CMakeFiles/template.elf.dir/Drivers/STM32F1xx_HAL_Driver/Src/stm32f1xx_hal_rcc.c.obj
 .debug_info    0x0000000000002b30     0x12db CMakeFiles/template.elf.dir/Drivers/STM32F1xx_HAL_Driver/Src/stm32f1xx_hal_uart.c.obj
 .debug_info    0x0000000000003e0b      0x9b7 CMakeFiles/template.elf.dir/Src/main.c.obj
 .debug_info    0x00000000000047c2      0xa4f CMakeFiles/template.elf.dir/Src/stm32f1xx_hal_msp.c.obj
 .debug_info    0x0000000000005211      0x68b CMakeFiles/template.elf.dir/Src/stm32f1xx_it.c.obj
 .debug_info    0x000000000000589c      0x462 CMakeFiles/template.elf.dir/Src/system_stm32f1xx.c.obj
 .debug_info    0x0000000000005cfe      0x2b7 CMakeFiles/template.elf.dir/User/Src/beep.c.obj
 .debug_info    0x0000000000005fb5      0xf4a CMakeFiles/template.elf.dir/User/Src/uart.c.obj
 .debug_info    0x0000000000006eff       0x22 CMakeFiles/template.elf.dir/startup/startup_stm32f103xe.s.obj

.debug_abbrev   0x0000000000000000     0x1795
 .debug_abbrev  0x0000000000000000      0x1fd CMakeFiles/template.elf.dir/Drivers/STM32F1xx_HAL_Driver/Src/stm32f1xx_hal.c.obj
 .debug_abbrev  0x00000000000001fd      0x310 CMakeFiles/template.elf.dir/Drivers/STM32F1xx_HAL_Driver/Src/stm32f1xx_hal_cortex.c.obj
 .debug_abbrev  0x000000000000050d      0x225 CMakeFiles/template.elf.dir/Drivers/STM32F1xx_HAL_Driver/Src/stm32f1xx_hal_dma.c.obj
 .debug_abbrev  0x0000000000000732      0x1e5 CMakeFiles/template.elf.dir/Drivers/STM32F1xx_HAL_Driver/Src/stm32f1xx_hal_gpio.c.obj
 .debug_abbrev  0x0000000000000917      0x270 CMakeFiles/template.elf.dir/Drivers/STM32F1xx_HAL_Driver/Src/stm32f1xx_hal_rcc.c.obj
 .debug_abbrev  0x0000000000000b87      0x26d CMakeFiles/template.elf.dir/Drivers/STM32F1xx_HAL_Driver/Src/stm32f1xx_hal_uart.c.obj
 .debug_abbrev  0x0000000000000df4      0x1f9 CMakeFiles/template.elf.dir/Src/main.c.obj
 .debug_abbrev  0x0000000000000fed      0x1b2 CMakeFiles/template.elf.dir/Src/stm32f1xx_hal_msp.c.obj
 .debug_abbrev  0x000000000000119f      0x160 CMakeFiles/template.elf.dir/Src/stm32f1xx_it.c.obj
 .debug_abbrev  0x00000000000012ff      0x14b CMakeFiles/template.elf.dir/Src/system_stm32f1xx.c.obj
 .debug_abbrev  0x000000000000144a      0x12b CMakeFiles/template.elf.dir/User/Src/beep.c.obj
 .debug_abbrev  0x0000000000001575      0x20e CMakeFiles/template.elf.dir/User/Src/uart.c.obj
 .debug_abbrev  0x0000000000001783       0x12 CMakeFiles/template.elf.dir/startup/startup_stm32f103xe.s.obj

.debug_aranges  0x0000000000000000      0x698
 .debug_aranges
                0x0000000000000000       0xe0 CMakeFiles/template.elf.dir/Drivers/STM32F1xx_HAL_Driver/Src/stm32f1xx_hal.c.obj
 .debug_aranges
                0x00000000000000e0      0x100 CMakeFiles/template.elf.dir/Drivers/STM32F1xx_HAL_Driver/Src/stm32f1xx_hal_cortex.c.obj
 .debug_aranges
                0x00000000000001e0       0x80 CMakeFiles/template.elf.dir/Drivers/STM32F1xx_HAL_Driver/Src/stm32f1xx_hal_dma.c.obj
 .debug_aranges
                0x0000000000000260       0x58 CMakeFiles/template.elf.dir/Drivers/STM32F1xx_HAL_Driver/Src/stm32f1xx_hal_gpio.c.obj
 .debug_aranges
                0x00000000000002b8       0x90 CMakeFiles/template.elf.dir/Drivers/STM32F1xx_HAL_Driver/Src/stm32f1xx_hal_rcc.c.obj
 .debug_aranges
                0x0000000000000348      0x1d0 CMakeFiles/template.elf.dir/Drivers/STM32F1xx_HAL_Driver/Src/stm32f1xx_hal_uart.c.obj
 .debug_aranges
                0x0000000000000518       0x40 CMakeFiles/template.elf.dir/Src/main.c.obj
 .debug_aranges
                0x0000000000000558       0x30 CMakeFiles/template.elf.dir/Src/stm32f1xx_hal_msp.c.obj
 .debug_aranges
                0x0000000000000588       0x68 CMakeFiles/template.elf.dir/Src/stm32f1xx_it.c.obj
 .debug_aranges
                0x00000000000005f0       0x28 CMakeFiles/template.elf.dir/Src/system_stm32f1xx.c.obj
 .debug_aranges
                0x0000000000000618       0x30 CMakeFiles/template.elf.dir/User/Src/beep.c.obj
 .debug_aranges
                0x0000000000000648       0x28 CMakeFiles/template.elf.dir/User/Src/uart.c.obj
 .debug_aranges
                0x0000000000000670       0x28 CMakeFiles/template.elf.dir/startup/startup_stm32f103xe.s.obj

.debug_ranges   0x0000000000000000      0x5d0
 .debug_ranges  0x0000000000000000       0xd0 CMakeFiles/template.elf.dir/Drivers/STM32F1xx_HAL_Driver/Src/stm32f1xx_hal.c.obj
 .debug_ranges  0x00000000000000d0       0xf0 CMakeFiles/template.elf.dir/Drivers/STM32F1xx_HAL_Driver/Src/stm32f1xx_hal_cortex.c.obj
 .debug_ranges  0x00000000000001c0       0x70 CMakeFiles/template.elf.dir/Drivers/STM32F1xx_HAL_Driver/Src/stm32f1xx_hal_dma.c.obj
 .debug_ranges  0x0000000000000230       0x48 CMakeFiles/template.elf.dir/Drivers/STM32F1xx_HAL_Driver/Src/stm32f1xx_hal_gpio.c.obj
 .debug_ranges  0x0000000000000278       0x80 CMakeFiles/template.elf.dir/Drivers/STM32F1xx_HAL_Driver/Src/stm32f1xx_hal_rcc.c.obj
 .debug_ranges  0x00000000000002f8      0x1c0 CMakeFiles/template.elf.dir/Drivers/STM32F1xx_HAL_Driver/Src/stm32f1xx_hal_uart.c.obj
 .debug_ranges  0x00000000000004b8       0x30 CMakeFiles/template.elf.dir/Src/main.c.obj
 .debug_ranges  0x00000000000004e8       0x20 CMakeFiles/template.elf.dir/Src/stm32f1xx_hal_msp.c.obj
 .debug_ranges  0x0000000000000508       0x58 CMakeFiles/template.elf.dir/Src/stm32f1xx_it.c.obj
 .debug_ranges  0x0000000000000560       0x18 CMakeFiles/template.elf.dir/Src/system_stm32f1xx.c.obj
 .debug_ranges  0x0000000000000578       0x20 CMakeFiles/template.elf.dir/User/Src/beep.c.obj
 .debug_ranges  0x0000000000000598       0x18 CMakeFiles/template.elf.dir/User/Src/uart.c.obj
 .debug_ranges  0x00000000000005b0       0x20 CMakeFiles/template.elf.dir/startup/startup_stm32f103xe.s.obj

.debug_line     0x0000000000000000     0x5677
 .debug_line    0x0000000000000000      0x58e CMakeFiles/template.elf.dir/Drivers/STM32F1xx_HAL_Driver/Src/stm32f1xx_hal.c.obj
 .debug_line    0x000000000000058e      0x768 CMakeFiles/template.elf.dir/Drivers/STM32F1xx_HAL_Driver/Src/stm32f1xx_hal_cortex.c.obj
 .debug_line    0x0000000000000cf6      0xee4 CMakeFiles/template.elf.dir/Drivers/STM32F1xx_HAL_Driver/Src/stm32f1xx_hal_dma.c.obj
 .debug_line    0x0000000000001bda      0x68f CMakeFiles/template.elf.dir/Drivers/STM32F1xx_HAL_Driver/Src/stm32f1xx_hal_gpio.c.obj
 .debug_line    0x0000000000002269      0x9fa CMakeFiles/template.elf.dir/Drivers/STM32F1xx_HAL_Driver/Src/stm32f1xx_hal_rcc.c.obj
 .debug_line    0x0000000000002c63     0x13b6 CMakeFiles/template.elf.dir/Drivers/STM32F1xx_HAL_Driver/Src/stm32f1xx_hal_uart.c.obj
 .debug_line    0x0000000000004019      0x43a CMakeFiles/template.elf.dir/Src/main.c.obj
 .debug_line    0x0000000000004453      0x378 CMakeFiles/template.elf.dir/Src/stm32f1xx_hal_msp.c.obj
 .debug_line    0x00000000000047cb      0x3cb CMakeFiles/template.elf.dir/Src/stm32f1xx_it.c.obj
 .debug_line    0x0000000000004b96      0x377 CMakeFiles/template.elf.dir/Src/system_stm32f1xx.c.obj
 .debug_line    0x0000000000004f0d      0x2fd CMakeFiles/template.elf.dir/User/Src/beep.c.obj
 .debug_line    0x000000000000520a      0x3b3 CMakeFiles/template.elf.dir/User/Src/uart.c.obj
 .debug_line    0x00000000000055bd       0xba CMakeFiles/template.elf.dir/startup/startup_stm32f103xe.s.obj

.debug_str      0x0000000000000000     0x25ec
 .debug_str     0x0000000000000000      0x925 CMakeFiles/template.elf.dir/Drivers/STM32F1xx_HAL_Driver/Src/stm32f1xx_hal.c.obj
                                        0x989 (size before relaxing)
 .debug_str     0x0000000000000925      0x447 CMakeFiles/template.elf.dir/Drivers/STM32F1xx_HAL_Driver/Src/stm32f1xx_hal_cortex.c.obj
                                        0xaf0 (size before relaxing)
 .debug_str     0x0000000000000d6c      0x42d CMakeFiles/template.elf.dir/Drivers/STM32F1xx_HAL_Driver/Src/stm32f1xx_hal_dma.c.obj
                                        0x74e (size before relaxing)
 .debug_str     0x0000000000001199      0x207 CMakeFiles/template.elf.dir/Drivers/STM32F1xx_HAL_Driver/Src/stm32f1xx_hal_gpio.c.obj
                                        0x55d (size before relaxing)
 .debug_str     0x00000000000013a0      0x367 CMakeFiles/template.elf.dir/Drivers/STM32F1xx_HAL_Driver/Src/stm32f1xx_hal_rcc.c.obj
                                        0x718 (size before relaxing)
 .debug_str     0x0000000000001707      0x726 CMakeFiles/template.elf.dir/Drivers/STM32F1xx_HAL_Driver/Src/stm32f1xx_hal_uart.c.obj
                                        0xc5f (size before relaxing)
 .debug_str     0x0000000000001e2d       0xbb CMakeFiles/template.elf.dir/Src/main.c.obj
                                        0x8c0 (size before relaxing)
 .debug_str     0x0000000000001ee8       0x58 CMakeFiles/template.elf.dir/Src/stm32f1xx_hal_msp.c.obj
                                        0xb38 (size before relaxing)
 .debug_str     0x0000000000001f40       0xf5 CMakeFiles/template.elf.dir/Src/stm32f1xx_it.c.obj
                                        0x736 (size before relaxing)
 .debug_str     0x0000000000002035       0x8a CMakeFiles/template.elf.dir/Src/system_stm32f1xx.c.obj
                                        0x3cc (size before relaxing)
 .debug_str     0x00000000000020bf       0x6d CMakeFiles/template.elf.dir/User/Src/beep.c.obj
                                        0x362 (size before relaxing)
 .debug_str     0x000000000000212c      0x453 CMakeFiles/template.elf.dir/User/Src/uart.c.obj
                                        0xb0e (size before relaxing)
 .debug_str     0x000000000000257f       0x6d CMakeFiles/template.elf.dir/startup/startup_stm32f103xe.s.obj
                                         0xbf (size before relaxing)

.comment        0x0000000000000000       0x75
 .comment       0x0000000000000000       0x75 CMakeFiles/template.elf.dir/Drivers/STM32F1xx_HAL_Driver/Src/stm32f1xx_hal.c.obj
                                         0x76 (size before relaxing)
 .comment       0x0000000000000075       0x76 CMakeFiles/template.elf.dir/Drivers/STM32F1xx_HAL_Driver/Src/stm32f1xx_hal_cortex.c.obj
 .comment       0x0000000000000075       0x76 CMakeFiles/template.elf.dir/Drivers/STM32F1xx_HAL_Driver/Src/stm32f1xx_hal_dma.c.obj
 .comment       0x0000000000000075       0x76 CMakeFiles/template.elf.dir/Drivers/STM32F1xx_HAL_Driver/Src/stm32f1xx_hal_gpio.c.obj
 .comment       0x0000000000000075       0x76 CMakeFiles/template.elf.dir/Drivers/STM32F1xx_HAL_Driver/Src/stm32f1xx_hal_rcc.c.obj
 .comment       0x0000000000000075       0x76 CMakeFiles/template.elf.dir/Drivers/STM32F1xx_HAL_Driver/Src/stm32f1xx_hal_uart.c.obj
 .comment       0x0000000000000075       0x76 CMakeFiles/template.elf.dir/Src/main.c.obj
 .comment       0x0000000000000075       0x76 CMakeFiles/template.elf.dir/Src/stm32f1xx_hal_msp.c.obj
 .comment       0x0000000000000075       0x76 CMakeFiles/template.elf.dir/Src/stm32f1xx_it.c.obj
 .comment       0x0000000000000075       0x76 CMakeFiles/template.elf.dir/Src/system_stm32f1xx.c.obj
 .comment       0x0000000000000075       0x76 CMakeFiles/template.elf.dir/User/Src/beep.c.obj
 .comment       0x0000000000000075       0x76 CMakeFiles/template.elf.dir/User/Src/uart.c.obj

.debug_frame    0x0000000000000000     0x18d0
 .debug_frame   0x0000000000000000      0x334 CMakeFiles/template.elf.dir/Drivers/STM32F1xx_HAL_Driver/Src/stm32f1xx_hal.c.obj
 .debug_frame   0x0000000000000334      0x428 CMakeFiles/template.elf.dir/Drivers/STM32F1xx_HAL_Driver/Src/stm32f1xx_hal_cortex.c.obj
 .debug_frame   0x000000000000075c      0x20c CMakeFiles/template.elf.dir/Drivers/STM32F1xx_HAL_Driver/Src/stm32f1xx_hal_dma.c.obj
 .debug_frame   0x0000000000000968      0x14c CMakeFiles/template.elf.dir/Drivers/STM32F1xx_HAL_Driver/Src/stm32f1xx_hal_gpio.c.obj
 .debug_frame   0x0000000000000ab4      0x21c CMakeFiles/template.elf.dir/Drivers/STM32F1xx_HAL_Driver/Src/stm32f1xx_hal_rcc.c.obj
 .debug_frame   0x0000000000000cd0      0x834 CMakeFiles/template.elf.dir/Drivers/STM32F1xx_HAL_Driver/Src/stm32f1xx_hal_uart.c.obj
 .debug_frame   0x0000000000001504       0xac CMakeFiles/template.elf.dir/Src/main.c.obj
 .debug_frame   0x00000000000015b0       0x80 CMakeFiles/template.elf.dir/Src/stm32f1xx_hal_msp.c.obj
 .debug_frame   0x0000000000001630      0x128 CMakeFiles/template.elf.dir/Src/stm32f1xx_it.c.obj
 .debug_frame   0x0000000000001758       0x58 CMakeFiles/template.elf.dir/Src/system_stm32f1xx.c.obj
 .debug_frame   0x00000000000017b0       0x7c CMakeFiles/template.elf.dir/User/Src/beep.c.obj
 .debug_frame   0x000000000000182c       0x58 CMakeFiles/template.elf.dir/User/Src/uart.c.obj
 .debug_frame   0x0000000000001884       0x2c /usr/local/Cellar/arm-none-eabi-gcc/8-2018-q4-major/gcc/bin/../lib/gcc/arm-none-eabi/8.2.1/../../../../arm-none-eabi/lib/thumb/v7-m/nofp/libg_nano.a(lib_a-init.o)
 .debug_frame   0x00000000000018b0       0x20 /usr/local/Cellar/arm-none-eabi-gcc/8-2018-q4-major/gcc/bin/../lib/gcc/arm-none-eabi/8.2.1/../../../../arm-none-eabi/lib/thumb/v7-m/nofp/libg_nano.a(lib_a-memset.o)
